[illuminatifraternitycult.com/the-pyramid/index.html]
[backblue.gif]
[fade.gif]
[index.html]
[illuminatifraternitycult.com/wp-content/plugins/formidable/css/formidableformse241.css]
[illuminatifraternitycult.com/wp-content/themes/astra/assets/css/minified/main.minfe9d.css]
[illuminatifraternitycult.com/wp-content/uploads/2024/08/illuminati-.jpg]
[illuminatifraternitycult.com/wp-content/plugins/click-to-chat-for-whatsapp/new/inc/assets/css/main167b.css]
[illuminatifraternitycult.com/wp-content/plugins/elementor/assets/css/frontend-lite.mind5d5.css]
[illuminatifraternitycult.com/wp-content/plugins/elementor/assets/lib/swiper/v8/css/swiper.min94a4.css]
[illuminatifraternitycult.com/wp-content/uploads/elementor/css/post-62eab.css]
[illuminatifraternitycult.com/wp-content/uploads/elementor/css/global2eab.css]
[illuminatifraternitycult.com/wp-content/uploads/elementor/css/post-101bb27.css]
[illuminatifraternitycult.com/wp-includes/js/jquery/jquery.minf43b.js]
[illuminatifraternitycult.com/wp-includes/js/jquery/jquery-migrate.min5589.js]
[illuminatifraternitycult.com/wp-content/uploads/2024/08/cropped-lo-e1723300263880-32x32.png]
[illuminatifraternitycult.com/wp-content/uploads/2024/08/cropped-lo-e1723300263880-192x192.png]
[illuminatifraternitycult.com/wp-content/uploads/2024/08/cropped-lo-e1723300263880-180x180.png]
[illuminatifraternitycult.com/wp-content/uploads/2024/08/lo-e1723300263880.png]
[www.smartsuppchat.com/loader.js]
[illuminatifraternitycult.com/wp-content/themes/astra/assets/js/minified/frontend.minfe9d.js]
[illuminatifraternitycult.com/wp-content/plugins/click-to-chat-for-whatsapp/new/inc/assets/js/app167b.js]
[illuminatifraternitycult.com/wp-content/plugins/elementor/assets/js/webpack.runtime.mind5d5.js]
[illuminatifraternitycult.com/wp-content/plugins/elementor/assets/js/frontend-modules.mind5d5.js]
[illuminatifraternitycult.com/wp-content/plugins/elementor/assets/lib/waypoints/waypoints.min05da.js]
[illuminatifraternitycult.com/wp-includes/js/jquery/ui/core.minb37e.js]
[illuminatifraternitycult.com/wp-content/plugins/elementor/assets/js/frontend.mind5d5.js]
[illuminatifraternitycult.com/the-pyramid/index.html]
[illuminatifraternitycult.com/wp-content/plugins/formidable/images/ajax_loader.gif]
[illuminatifraternitycult.com/wp-content/plugins/formidable/css/formidableformse241.css]
[illuminatifraternitycult.com/wp-content/themes/astra/assets/css/minified/main.minfe9d.css]
[illuminatifraternitycult.com/wp-content/plugins/click-to-chat-for-whatsapp/new/inc/assets/css/main167b.css]
[illuminatifraternitycult.com/wp-content/plugins/elementor/assets/css/frontend-lite.mind5d5.css]
[illuminatifraternitycult.com/wp-content/plugins/elementor/assets/lib/swiper/v8/css/swiper.min94a4.css]
[illuminatifraternitycult.com/wp-content/uploads/elementor/css/post-62eab.css]
[illuminatifraternitycult.com/wp-content/uploads/elementor/css/global2eab.css]
[illuminatifraternitycult.com/wp-content/uploads/2024/08/pyramid.jpg]
[illuminatifraternitycult.com/wp-content/uploads/elementor/css/post-101bb27.css]
